
Discarded input sections

 .bss           0x0000000000000000        0x0 build/mailbox.o
 .ARM.attributes
                0x0000000000000000       0x14 build/mailbox.o
 .bss           0x0000000000000000        0x0 build/framebuffer.o
 .ARM.attributes
                0x0000000000000000       0x14 build/framebuffer.o
 .bss           0x0000000000000000        0x0 build/systemTimer.o
 .ARM.attributes
                0x0000000000000000       0x14 build/systemTimer.o
 .bss           0x0000000000000000        0x0 build/drawing.o
 .ARM.attributes
                0x0000000000000000       0x14 build/drawing.o
 .bss           0x0000000000000000        0x0 build/gpio.o
 .ARM.attributes
                0x0000000000000000       0x14 build/gpio.o
 .bss           0x0000000000000000        0x0 build/main.o
 .ARM.attributes
                0x0000000000000000       0x14 build/main.o
 .bss           0x0000000000000000        0x0 build/mmap.o
 .ARM.attributes
                0x0000000000000000       0x14 build/mmap.o
 .bss           0x0000000000000000        0x0 build/tags.o
 .ARM.attributes
                0x0000000000000000       0x14 build/tags.o

Memory Configuration

Name             Origin             Length             Attributes
*default*        0x0000000000000000 0xffffffffffffffff

Linker script and memory map

LOAD build/mailbox.o
LOAD build/framebuffer.o
LOAD build/systemTimer.o
LOAD build/drawing.o
LOAD build/gpio.o
LOAD build/main.o
LOAD build/mmap.o
LOAD build/tags.o

.init           0x0000000000008000        0x4
 *(.init)
 .init          0x0000000000008000        0x4 build/main.o
                0x0000000000008000                _start

.data           0x0000000000009000      0x871
 *(.data)
 .data          0x0000000000009000        0x0 build/mailbox.o
 .data          0x0000000000009000       0x28 build/framebuffer.o
                0x0000000000009000                frameBufferInfo
 .data          0x0000000000009028        0x0 build/systemTimer.o
 *fill*         0x0000000000009028        0x8 
 .data          0x0000000000009030      0x810 build/drawing.o
 .data          0x0000000000009840        0x0 build/gpio.o
 .data          0x0000000000009840        0xd build/main.o
 .data          0x000000000000984d        0x0 build/mmap.o
 .data          0x000000000000984d       0x24 build/tags.o

.text           0x000000000000a000      0x4f0
 *(.text)
 .text          0x000000000000a000       0x68 build/mailbox.o
                0x000000000000a000                mailboxWrite
                0x000000000000a030                mailboxRead
 .text          0x000000000000a068       0x60 build/framebuffer.o
                0x000000000000a068                initFrameBuffer
 .text          0x000000000000a0c8       0x34 build/systemTimer.o
                0x000000000000a0c8                wait
                0x000000000000a0ec                getTime
 .text          0x000000000000a0fc      0x250 build/drawing.o
                0x000000000000a0fc                setForeColor
                0x000000000000a110                setGraphicsAddr
                0x000000000000a11c                setPixel
                0x000000000000a168                drawLine
                0x000000000000a1e4                drawRectangle
                0x000000000000a25c                drawChar
                0x000000000000a2cc                drawString
 .text          0x000000000000a34c       0x78 build/gpio.o
                0x000000000000a34c                setGPIOport
                0x000000000000a388                setGPIOpin
 .text          0x000000000000a3c4       0xbc build/main.o
 .text          0x000000000000a480        0x0 build/mmap.o
 .text          0x000000000000a480       0x70 build/tags.o
                0x000000000000a480                findTag

/DISCARD/
 *(*)
OUTPUT(build/output.elf elf32-littlearm)
